// Vitest Snapshot v1, https://vitest.dev/guide/snapshot.html

exports[`MermaidPreview > rendering > should match snapshot 1`] = `
.c0 {
  overflow: auto;
  position: relative;
  width: 100%;
  height: 100%;
}

<div>
  <div
    data-testid="image-preview-layout"
  >
    <div
      class="c0 mermaid special-preview"
    />
  </div>
</div>
`;
